=====================================================================
SLURM_JOB_ID=67890   SLURM_JOB_NAME=preprocess
NODES=1  NTASKS=1  CPUS_PER_TASK=32  CONSTRAINT=cpu
QOS=regular  ACCOUNT=m0000  TIME_LIMIT=02:00:00
Node: nid004327   Start: 2026-07-17T11:02:10
=====================================================================
+ module load python
+ conda activate /global/common/software/m0000/bob/envs/prep
+ srun -n 1 -c 32 python preprocess.py \
      --in /pscratch/sd/b/bob/raw_events \
      --out /pscratch/sd/b/bob/tokenized \
      --workers 32 --shuffle-buffer all

[preprocess] scanning input shards ... found 2,143 shards (1.24 TB)
[preprocess] building in-memory index of all records before writing ...
[preprocess] loaded 41,000,000 / 512,000,000 records  (RSS 58.3 GB)
[preprocess] loaded 92,000,000 / 512,000,000 records  (RSS 121.7 GB)
[preprocess] loaded 141,000,000 / 512,000,000 records  (RSS 214.9 GB)
slurmstepd: error: Detected 1 oom-kill event(s) in StepId=67890.0 cgroup. Some of your processes may have been killed by the cgroup out-of-memory handler.
srun: error: nid004327: task 0: Out Of Memory
srun: Terminating StepId=67890.0
slurmstepd: error: Step 67890.0 exited with exit code 137
=====================================================================
End: 2026-07-17T11:19:44   Elapsed: 00:17:34   ExitCode: 137:0
=====================================================================
